"","B","C"
"A",0.5,0.5
"B",0,0
"C",0,0
"D",0,0
"E",0,0